[features] scanned 100,000 candidate rows; 100,000 unique S1 and 2,351,607 unique candidates (45,288 rows/sec)
[features] scanned 200,000 candidate rows; 200,000 unique S1 and 3,688,529 unique candidates (41,461 rows/sec)
[features] scanned 300,000 candidate rows; 300,000 unique S1 and 4,647,639 unique candidates (40,279 rows/sec)
[features] scanned 400,000 candidate rows; 400,000 unique S1 and 5,390,228 unique candidates (39,980 rows/sec)
[features] scanned 500,000 candidate rows; 500,000 unique S1 and 5,983,445 unique candidates (40,457 rows/sec)
[features] scanned 600,000 candidate rows; 600,000 unique S1 and 6,473,535 unique candidates (40,978 rows/sec)
[features] scanned 700,000 candidate rows; 700,000 unique S1 and 6,887,539 unique candidates (40,739 rows/sec)
[features] scanned 800,000 candidate rows; 800,000 unique S1 and 7,240,416 unique candidates (41,156 rows/sec)
[features] scanned 900,000 candidate rows; 900,000 unique S1 and 7,546,021 unique candidates (42,296 rows/sec)
[features] scanned 1,000,000 candidate rows; 1,000,000 unique S1 and 7,815,100 unique candidates (41,970 rows/sec)
[features] scanned 1,100,000 candidate rows; 1,100,000 unique S1 and 8,051,347 unique candidates (41,711 rows/sec)
[features] scanned 1,200,000 candidate rows; 1,200,000 unique S1 and 8,262,291 unique candidates (41,560 rows/sec)
[features] scanned 1,300,000 candidate rows; 1,300,000 unique S1 and 8,450,589 unique candidates (41,393 rows/sec)
[features] scanned 1,400,000 candidate rows; 1,400,000 unique S1 and 8,619,519 unique candidates (41,205 rows/sec)
[features] scanned 1,500,000 candidate rows; 1,500,000 unique S1 and 8,773,717 unique candidates (41,064 rows/sec)
[features] scanned 1,600,000 candidate rows; 1,600,000 unique S1 and 8,912,842 unique candidates (40,831 rows/sec)
[features] scanned 1,700,000 candidate rows; 1,700,000 unique S1 and 9,040,773 unique candidates (40,700 rows/sec)
[features] scanned 1,800,000 candidate rows; 1,800,000 unique S1 and 9,158,362 unique candidates (40,648 rows/sec)
[features] scanned 1,900,000 candidate rows; 1,900,000 unique S1 and 9,266,249 unique candidates (40,619 rows/sec)
[features] scanned 2,000,000 candidate rows; 2,000,000 unique S1 and 9,365,014 unique candidates (40,625 rows/sec)
[features] scanned 2,100,000 candidate rows; 2,100,000 unique S1 and 9,457,180 unique candidates (40,654 rows/sec)
[features] scanned 2,200,000 candidate rows; 2,200,000 unique S1 and 9,541,897 unique candidates (40,667 rows/sec)
[features] candidate scan complete: 2,206,821 rows, 2,206,821 unique S1, 9,547,527 unique candidates
[features] selected 2,206,821 referenced S1 and 9,547,527 referenced candidate records for TF-IDF
[features] loaded 2,206,821 S1 and 9,547,527 S2/S3 records
[features] transforming each source record once (vocabulary=100,000)
[features] S1: starting TF-IDF transform for 2,206,821 records
[features] S1: building text for records 1-25,000
[features] S1: vectorizing 25,000 records
[features] S1: 25,000/2,206,821 records (10,752/sec; chunk 2.3s; cached chunks 0.02 GiB)
[features] S1: building text for records 25,001-50,000
[features] S1: vectorizing 25,000 records
[features] S1: 50,000/2,206,821 records (10,835/sec; chunk 2.3s; cached chunks 0.04 GiB)
[features] S1: building text for records 50,001-75,000
[features] S1: vectorizing 25,000 records
[features] S1: 75,000/2,206,821 records (10,837/sec; chunk 2.3s; cached chunks 0.06 GiB)
[features] S1: building text for records 75,001-100,000
[features] S1: vectorizing 25,000 records
[features] S1: 100,000/2,206,821 records (11,062/sec; chunk 2.1s; cached chunks 0.08 GiB)
[features] S1: building text for records 100,001-125,000
[features] S1: vectorizing 25,000 records
[features] S1: 125,000/2,206,821 records (11,138/sec; chunk 2.2s; cached chunks 0.10 GiB)
[features] S1: building text for records 125,001-150,000
[features] S1: vectorizing 25,000 records
[features] S1: 150,000/2,206,821 records (11,098/sec; chunk 2.3s; cached chunks 0.12 GiB)
[features] S1: building text for records 150,001-175,000
[features] S1: vectorizing 25,000 records
[features] S1: 175,000/2,206,821 records (11,097/sec; chunk 2.3s; cached chunks 0.14 GiB)
[features] S1: building text for records 175,001-200,000
[features] S1: vectorizing 25,000 records
[features] S1: 200,000/2,206,821 records (11,113/sec; chunk 2.2s; cached chunks 0.16 GiB)
[features] S1: building text for records 200,001-225,000
[features] S1: vectorizing 25,000 records
[features] S1: 225,000/2,206,821 records (11,083/sec; chunk 2.3s; cached chunks 0.18 GiB)
[features] S1: building text for records 225,001-250,000
[features] S1: vectorizing 25,000 records
[features] S1: 250,000/2,206,821 records (11,031/sec; chunk 2.4s; cached chunks 0.21 GiB)
[features] S1: building text for records 250,001-275,000
[features] S1: vectorizing 25,000 records
[features] S1: 275,000/2,206,821 records (10,976/sec; chunk 2.4s; cached chunks 0.23 GiB)
[features] S1: building text for records 275,001-300,000
[features] S1: vectorizing 25,000 records
[features] S1: 300,000/2,206,821 records (10,924/sec; chunk 2.4s; cached chunks 0.25 GiB)
[features] S1: building text for records 300,001-325,000
[features] S1: vectorizing 25,000 records
[features] S1: 325,000/2,206,821 records (10,870/sec; chunk 2.4s; cached chunks 0.27 GiB)
[features] S1: building text for records 325,001-350,000
[features] S1: vectorizing 25,000 records
[features] S1: 350,000/2,206,821 records (10,813/sec; chunk 2.5s; cached chunks 0.29 GiB)
[features] S1: building text for records 350,001-375,000
[features] S1: vectorizing 25,000 records
[features] S1: 375,000/2,206,821 records (10,773/sec; chunk 2.4s; cached chunks 0.31 GiB)
[features] S1: building text for records 375,001-400,000
[features] S1: vectorizing 25,000 records
[features] S1: 400,000/2,206,821 records (10,729/sec; chunk 2.5s; cached chunks 0.33 GiB)
[features] S1: building text for records 400,001-425,000
[features] S1: vectorizing 25,000 records
[features] S1: 425,000/2,206,821 records (10,701/sec; chunk 2.4s; cached chunks 0.35 GiB)
[features] S1: building text for records 425,001-450,000
[features] S1: vectorizing 25,000 records
[features] S1: 450,000/2,206,821 records (10,692/sec; chunk 2.4s; cached chunks 0.37 GiB)
[features] S1: building text for records 450,001-475,000
[features] S1: vectorizing 25,000 records
[features] S1: 475,000/2,206,821 records (10,682/sec; chunk 2.4s; cached chunks 0.39 GiB)
[features] S1: building text for records 475,001-500,000
[features] S1: vectorizing 25,000 records
[features] S1: 500,000/2,206,821 records (10,679/sec; chunk 2.4s; cached chunks 0.41 GiB)
[features] S1: building text for records 500,001-525,000
[features] S1: vectorizing 25,000 records
[features] S1: 525,000/2,206,821 records (10,673/sec; chunk 2.4s; cached chunks 0.43 GiB)
[features] S1: building text for records 525,001-550,000
[features] S1: vectorizing 25,000 records
[features] S1: 550,000/2,206,821 records (10,657/sec; chunk 2.4s; cached chunks 0.45 GiB)
[features] S1: building text for records 550,001-575,000
[features] S1: vectorizing 25,000 records
[features] S1: 575,000/2,206,821 records (10,660/sec; chunk 2.3s; cached chunks 0.47 GiB)
[features] S1: building text for records 575,001-600,000
[features] S1: vectorizing 25,000 records
[features] S1: 600,000/2,206,821 records (10,651/sec; chunk 2.4s; cached chunks 0.49 GiB)
[features] S1: building text for records 600,001-625,000
[features] S1: vectorizing 25,000 records
[features] S1: 625,000/2,206,821 records (10,650/sec; chunk 2.4s; cached chunks 0.51 GiB)
[features] S1: building text for records 625,001-650,000
[features] S1: vectorizing 25,000 records
[features] S1: 650,000/2,206,821 records (10,661/sec; chunk 2.3s; cached chunks 0.53 GiB)
[features] S1: building text for records 650,001-675,000
[features] S1: vectorizing 25,000 records
[features] S1: 675,000/2,206,821 records (10,663/sec; chunk 2.3s; cached chunks 0.55 GiB)
[features] S1: building text for records 675,001-700,000
[features] S1: vectorizing 25,000 records
